data/raw/act_dr6_02/archives/actlite_lcdm_camb.tar.gz: OK
data/raw/act_dr6_02/archives/p-actlite_lcdm_camb.tar.gz: OK
data/raw/act_dr6_02/archives/planck_lcdm_camb.tar.gz: OK
data/raw/desi_dr2_bao/likelihood/desi_gaussian_bao_ALL_GCcomb_cov.txt: OK
data/raw/desi_dr2_bao/likelihood/desi_gaussian_bao_ALL_GCcomb_mean.txt: OK
data/raw/desi_dr2_bao/likelihood/desi_gaussian_bao_BGS_BRIGHT-21.35_GCcomb_cov.txt: OK
data/raw/desi_dr2_bao/likelihood/desi_gaussian_bao_BGS_BRIGHT-21.35_GCcomb_mean.txt: OK
data/raw/desi_dr2_bao/likelihood/desi_gaussian_bao_ELG_LOPnotqso_GCcomb_z1.1-1.6_cov.txt: OK
data/raw/desi_dr2_bao/likelihood/desi_gaussian_bao_ELG_LOPnotqso_GCcomb_z1.1-1.6_mean.txt: OK
data/raw/desi_dr2_bao/likelihood/desi_gaussian_bao_LRG+ELG_LOPnotqso_GCcomb_cov.txt: OK
data/raw/desi_dr2_bao/likelihood/desi_gaussian_bao_LRG+ELG_LOPnotqso_GCcomb_mean.txt: OK
data/raw/desi_dr2_bao/likelihood/desi_gaussian_bao_LRG_GCcomb_z0.4-0.6_cov.txt: OK
data/raw/desi_dr2_bao/likelihood/desi_gaussian_bao_LRG_GCcomb_z0.4-0.6_mean.txt: OK
data/raw/desi_dr2_bao/likelihood/desi_gaussian_bao_LRG_GCcomb_z0.6-0.8_cov.txt: OK
data/raw/desi_dr2_bao/likelihood/desi_gaussian_bao_LRG_GCcomb_z0.6-0.8_mean.txt: OK
data/raw/desi_dr2_bao/likelihood/desi_gaussian_bao_Lya_GCcomb_cov.txt: OK
data/raw/desi_dr2_bao/likelihood/desi_gaussian_bao_Lya_GCcomb_mean.txt: OK
data/raw/desi_dr2_bao/likelihood/desi_gaussian_bao_QSO_GCcomb_cov.txt: OK
data/raw/desi_dr2_bao/likelihood/desi_gaussian_bao_QSO_GCcomb_mean.txt: OK
data/raw/desi_dr2_bao/SOURCE_COMMIT.txt: OK
