act_dr6_02/chains/actlite_lcdm_camb/actlite_lcdm_camb/actlite_lcdm_camb.1.txt: OK
act_dr6_02/chains/actlite_lcdm_camb/actlite_lcdm_camb/actlite_lcdm_camb.2.txt: OK
act_dr6_02/chains/actlite_lcdm_camb/actlite_lcdm_camb/actlite_lcdm_camb.3.txt: OK
act_dr6_02/chains/actlite_lcdm_camb/actlite_lcdm_camb/actlite_lcdm_camb.4.txt: OK
act_dr6_02/chains/actlite_lcdm_camb/actlite_lcdm_camb/actlite_lcdm_camb.checkpoint: OK
act_dr6_02/chains/actlite_lcdm_camb/actlite_lcdm_camb/actlite_lcdm_camb.covmat: OK
act_dr6_02/chains/actlite_lcdm_camb/actlite_lcdm_camb/actlite_lcdm_camb.input.yaml: OK
act_dr6_02/chains/actlite_lcdm_camb/actlite_lcdm_camb/actlite_lcdm_camb.input.yaml.locked: OK
act_dr6_02/chains/actlite_lcdm_camb/actlite_lcdm_camb/actlite_lcdm_camb.minimize.input.yaml: OK
act_dr6_02/chains/actlite_lcdm_camb/actlite_lcdm_camb/actlite_lcdm_camb.minimize.updated.yaml: OK
act_dr6_02/chains/actlite_lcdm_camb/actlite_lcdm_camb/actlite_lcdm_camb.minimum: OK
act_dr6_02/chains/actlite_lcdm_camb/actlite_lcdm_camb/actlite_lcdm_camb.minimum.txt: OK
act_dr6_02/chains/actlite_lcdm_camb/actlite_lcdm_camb/actlite_lcdm_camb.progress: OK
act_dr6_02/chains/actlite_lcdm_camb/actlite_lcdm_camb/actlite_lcdm_camb.updated.yaml: OK
act_dr6_02/chains/p-actlite_lcdm_camb/p-actlite_lcdm_camb/p-actlite_lcdm_camb.1.txt: OK
act_dr6_02/chains/p-actlite_lcdm_camb/p-actlite_lcdm_camb/p-actlite_lcdm_camb.2.txt: OK
act_dr6_02/chains/p-actlite_lcdm_camb/p-actlite_lcdm_camb/p-actlite_lcdm_camb.3.txt: OK
act_dr6_02/chains/p-actlite_lcdm_camb/p-actlite_lcdm_camb/p-actlite_lcdm_camb.4.txt: OK
act_dr6_02/chains/p-actlite_lcdm_camb/p-actlite_lcdm_camb/p-actlite_lcdm_camb.checkpoint: OK
act_dr6_02/chains/p-actlite_lcdm_camb/p-actlite_lcdm_camb/p-actlite_lcdm_camb.covmat: OK
act_dr6_02/chains/p-actlite_lcdm_camb/p-actlite_lcdm_camb/p-actlite_lcdm_camb.input.yaml: OK
act_dr6_02/chains/p-actlite_lcdm_camb/p-actlite_lcdm_camb/p-actlite_lcdm_camb.input.yaml.locked: OK
act_dr6_02/chains/p-actlite_lcdm_camb/p-actlite_lcdm_camb/p-actlite_lcdm_camb.minimize.input.yaml: OK
act_dr6_02/chains/p-actlite_lcdm_camb/p-actlite_lcdm_camb/p-actlite_lcdm_camb.minimize.updated.yaml: OK
act_dr6_02/chains/p-actlite_lcdm_camb/p-actlite_lcdm_camb/p-actlite_lcdm_camb.minimum: OK
act_dr6_02/chains/p-actlite_lcdm_camb/p-actlite_lcdm_camb/p-actlite_lcdm_camb.minimum.txt: OK
act_dr6_02/chains/p-actlite_lcdm_camb/p-actlite_lcdm_camb/p-actlite_lcdm_camb.progress: OK
act_dr6_02/chains/p-actlite_lcdm_camb/p-actlite_lcdm_camb/p-actlite_lcdm_camb.updated.yaml: OK
act_dr6_02/chains/planck_lcdm_camb/planck_lcdm_camb/planck_lcdm_camb.1.txt: OK
act_dr6_02/chains/planck_lcdm_camb/planck_lcdm_camb/planck_lcdm_camb.2.txt: OK
act_dr6_02/chains/planck_lcdm_camb/planck_lcdm_camb/planck_lcdm_camb.3.txt: OK
act_dr6_02/chains/planck_lcdm_camb/planck_lcdm_camb/planck_lcdm_camb.4.txt: OK
act_dr6_02/chains/planck_lcdm_camb/planck_lcdm_camb/planck_lcdm_camb.checkpoint: OK
act_dr6_02/chains/planck_lcdm_camb/planck_lcdm_camb/planck_lcdm_camb.covmat: OK
act_dr6_02/chains/planck_lcdm_camb/planck_lcdm_camb/planck_lcdm_camb.input.yaml: OK
act_dr6_02/chains/planck_lcdm_camb/planck_lcdm_camb/planck_lcdm_camb.minimize.input.yaml: OK
act_dr6_02/chains/planck_lcdm_camb/planck_lcdm_camb/planck_lcdm_camb.minimize.updated.yaml: OK
act_dr6_02/chains/planck_lcdm_camb/planck_lcdm_camb/planck_lcdm_camb.minimum: OK
act_dr6_02/chains/planck_lcdm_camb/planck_lcdm_camb/planck_lcdm_camb.minimum.txt: OK
act_dr6_02/chains/planck_lcdm_camb/planck_lcdm_camb/planck_lcdm_camb.progress: OK
act_dr6_02/chains/planck_lcdm_camb/planck_lcdm_camb/planck_lcdm_camb.updated.yaml: OK
