data/derived/act_dr6_02/mcmc_extension_seed/actlite_lcdm_camb/act-camb-lcdm.1.txt: OK
data/derived/act_dr6_02/mcmc_extension_seed/actlite_lcdm_camb/act-camb-lcdm.2.txt: OK
data/derived/act_dr6_02/mcmc_extension_seed/actlite_lcdm_camb/act-camb-lcdm.3.txt: OK
data/derived/act_dr6_02/mcmc_extension_seed/actlite_lcdm_camb/act-camb-lcdm.4.txt: OK
data/derived/act_dr6_02/mcmc_extension_seed/actlite_lcdm_camb/act-camb-lcdm.checkpoint: OK
data/derived/act_dr6_02/mcmc_extension_seed/actlite_lcdm_camb/act-camb-lcdm.covmat: OK
data/derived/act_dr6_02/mcmc_extension_seed/actlite_lcdm_camb/act-camb-lcdm.input.yaml: OK
data/derived/act_dr6_02/mcmc_extension_seed/actlite_lcdm_camb/act-camb-lcdm.input.yaml.locked: OK
data/derived/act_dr6_02/mcmc_extension_seed/actlite_lcdm_camb/act-camb-lcdm.minimize.input.yaml: OK
data/derived/act_dr6_02/mcmc_extension_seed/actlite_lcdm_camb/act-camb-lcdm.minimize.updated.yaml: OK
data/derived/act_dr6_02/mcmc_extension_seed/actlite_lcdm_camb/act-camb-lcdm.minimum: OK
data/derived/act_dr6_02/mcmc_extension_seed/actlite_lcdm_camb/act-camb-lcdm.minimum.txt: OK
data/derived/act_dr6_02/mcmc_extension_seed/actlite_lcdm_camb/act-camb-lcdm.progress: OK
data/derived/act_dr6_02/mcmc_extension_seed/actlite_lcdm_camb/act-camb-lcdm.updated.yaml: OK
data/derived/act_dr6_02/mcmc_extension_seed/p-actlite_lcdm_camb/p-act-camb-lcdm.1.txt: OK
data/derived/act_dr6_02/mcmc_extension_seed/p-actlite_lcdm_camb/p-act-camb-lcdm.2.txt: OK
data/derived/act_dr6_02/mcmc_extension_seed/p-actlite_lcdm_camb/p-act-camb-lcdm.3.txt: OK
data/derived/act_dr6_02/mcmc_extension_seed/p-actlite_lcdm_camb/p-act-camb-lcdm.4.txt: OK
data/derived/act_dr6_02/mcmc_extension_seed/p-actlite_lcdm_camb/p-act-camb-lcdm.checkpoint: OK
data/derived/act_dr6_02/mcmc_extension_seed/p-actlite_lcdm_camb/p-act-camb-lcdm.covmat: OK
data/derived/act_dr6_02/mcmc_extension_seed/p-actlite_lcdm_camb/p-act-camb-lcdm.input.yaml: OK
data/derived/act_dr6_02/mcmc_extension_seed/p-actlite_lcdm_camb/p-act-camb-lcdm.input.yaml.locked: OK
data/derived/act_dr6_02/mcmc_extension_seed/p-actlite_lcdm_camb/p-act-camb-lcdm.minimize.input.yaml: OK
data/derived/act_dr6_02/mcmc_extension_seed/p-actlite_lcdm_camb/p-act-camb-lcdm.minimize.updated.yaml: OK
data/derived/act_dr6_02/mcmc_extension_seed/p-actlite_lcdm_camb/p-act-camb-lcdm.minimum: OK
data/derived/act_dr6_02/mcmc_extension_seed/p-actlite_lcdm_camb/p-act-camb-lcdm.minimum.txt: OK
data/derived/act_dr6_02/mcmc_extension_seed/p-actlite_lcdm_camb/p-act-camb-lcdm.progress: OK
data/derived/act_dr6_02/mcmc_extension_seed/p-actlite_lcdm_camb/p-act-camb-lcdm.updated.yaml: OK
data/derived/act_dr6_02/mcmc_extension_seed/planck_lcdm_camb/planck-camb-lcdm.1.txt: OK
data/derived/act_dr6_02/mcmc_extension_seed/planck_lcdm_camb/planck-camb-lcdm.2.txt: OK
data/derived/act_dr6_02/mcmc_extension_seed/planck_lcdm_camb/planck-camb-lcdm.3.txt: OK
data/derived/act_dr6_02/mcmc_extension_seed/planck_lcdm_camb/planck-camb-lcdm.4.txt: OK
data/derived/act_dr6_02/mcmc_extension_seed/planck_lcdm_camb/planck-camb-lcdm.checkpoint: OK
data/derived/act_dr6_02/mcmc_extension_seed/planck_lcdm_camb/planck-camb-lcdm.covmat: OK
data/derived/act_dr6_02/mcmc_extension_seed/planck_lcdm_camb/planck-camb-lcdm.input.yaml: OK
data/derived/act_dr6_02/mcmc_extension_seed/planck_lcdm_camb/planck-camb-lcdm.minimize.input.yaml: OK
data/derived/act_dr6_02/mcmc_extension_seed/planck_lcdm_camb/planck-camb-lcdm.minimize.updated.yaml: OK
data/derived/act_dr6_02/mcmc_extension_seed/planck_lcdm_camb/planck-camb-lcdm.minimum: OK
data/derived/act_dr6_02/mcmc_extension_seed/planck_lcdm_camb/planck-camb-lcdm.minimum.txt: OK
data/derived/act_dr6_02/mcmc_extension_seed/planck_lcdm_camb/planck-camb-lcdm.progress: OK
data/derived/act_dr6_02/mcmc_extension_seed/planck_lcdm_camb/planck-camb-lcdm.updated.yaml: OK
